[1/5] Building CXX object CMakeFiles/QuantumBookStore.dir/Books/paperbook.cpp.o
FAILED: CMakeFiles/QuantumBookStore.dir/Books/paperbook.cpp.o 
/Library/Developer/CommandLineTools/usr/bin/c++   -g -arch arm64 -isysroot /Library/Developer/CommandLineTools/SDKs/MacOSX15.5.sdk -fcolor-diagnostics -MD -MT CMakeFiles/QuantumBookStore.dir/Books/paperbook.cpp.o -MF CMakeFiles/QuantumBookStore.dir/Books/paperbook.cpp.o.d -o CMakeFiles/QuantumBookStore.dir/Books/paperbook.cpp.o -c /Users/macstoreeg/Desktop/study/Projects/QuantumBookStore/Books/paperbook.cpp
In file included from /Users/macstoreeg/Desktop/study/Projects/QuantumBookStore/Books/paperbook.cpp:5:
/Users/macstoreeg/Desktop/study/Projects/QuantumBookStore/Books/PaperBook.h:22:10: warning: 'saveToFile' overrides a member function but is not marked 'override' [-Winconsistent-missing-override]
   22 |     void saveToFile(std::ofstream &out) const;
      |          ^
/Users/macstoreeg/Desktop/study/Projects/QuantumBookStore/Books/book.h:36:18: note: overridden virtual function is here
   36 |     virtual void saveToFile(std::ofstream& out) const = 0;
      |                  ^
/Users/macstoreeg/Desktop/study/Projects/QuantumBookStore/Books/paperbook.cpp:57:13: error: call to implicitly-deleted copy constructor of 'ifstream' (aka 'basic_ifstream<char>')
   57 |     getline(in, title);
      |             ^~
/Library/Developer/CommandLineTools/SDKs/MacOSX15.5.sdk/usr/include/c++/v1/fstream:1110:25: note: copy constructor is implicitly deleted because 'basic_ifstream<char>' has a user-declared move constructor
 1110 |   _LIBCPP_HIDE_FROM_ABI basic_ifstream(basic_ifstream&& __rhs);
      |                         ^
/Users/macstoreeg/Desktop/study/Projects/QuantumBookStore/Books/PaperBook.h:31:34: note: passing argument to parameter 'in' here
   31 |     static void getline(ifstream in, const string & title);
      |                                  ^
/Users/macstoreeg/Desktop/study/Projects/QuantumBookStore/Books/paperbook.cpp:60:13: error: call to implicitly-deleted copy constructor of 'ifstream' (aka 'basic_ifstream<char>')
   60 |     getline(in, isbn);
      |             ^~
/Library/Developer/CommandLineTools/SDKs/MacOSX15.5.sdk/usr/include/c++/v1/fstream:1110:25: note: copy constructor is implicitly deleted because 'basic_ifstream<char>' has a user-declared move constructor
 1110 |   _LIBCPP_HIDE_FROM_ABI basic_ifstream(basic_ifstream&& __rhs);
      |                         ^
/Users/macstoreeg/Desktop/study/Projects/QuantumBookStore/Books/PaperBook.h:31:34: note: passing argument to parameter 'in' here
   31 |     static void getline(ifstream in, const string & title);
      |                                  ^
1 warning and 2 errors generated.
[2/5] Building CXX object CMakeFiles/QuantumBookStore.dir/Books/ebook.cpp.o
FAILED: CMakeFiles/QuantumBookStore.dir/Books/ebook.cpp.o 
/Library/Developer/CommandLineTools/usr/bin/c++   -g -arch arm64 -isysroot /Library/Developer/CommandLineTools/SDKs/MacOSX15.5.sdk -fcolor-diagnostics -MD -MT CMakeFiles/QuantumBookStore.dir/Books/ebook.cpp.o -MF CMakeFiles/QuantumBookStore.dir/Books/ebook.cpp.o.d -o CMakeFiles/QuantumBookStore.dir/Books/ebook.cpp.o -c /Users/macstoreeg/Desktop/study/Projects/QuantumBookStore/Books/ebook.cpp
/Users/macstoreeg/Desktop/study/Projects/QuantumBookStore/Books/ebook.cpp:40:13: error: call to implicitly-deleted copy constructor of 'ifstream' (aka 'basic_ifstream<char>')
   40 |     getline(in, title);
      |             ^~
/Library/Developer/CommandLineTools/SDKs/MacOSX15.5.sdk/usr/include/c++/v1/fstream:1110:25: note: copy constructor is implicitly deleted because 'basic_ifstream<char>' has a user-declared move constructor
 1110 |   _LIBCPP_HIDE_FROM_ABI basic_ifstream(basic_ifstream&& __rhs);
      |                         ^
/Users/macstoreeg/Desktop/study/Projects/QuantumBookStore/Books/ebook.h:22:34: note: passing argument to parameter 'in' here
   22 |     static void getline(ifstream in, const string & title);
      |                                  ^
/Users/macstoreeg/Desktop/study/Projects/QuantumBookStore/Books/ebook.cpp:43:13: error: call to implicitly-deleted copy constructor of 'ifstream' (aka 'basic_ifstream<char>')
   43 |     getline(in, isbn);
      |             ^~
/Library/Developer/CommandLineTools/SDKs/MacOSX15.5.sdk/usr/include/c++/v1/fstream:1110:25: note: copy constructor is implicitly deleted because 'basic_ifstream<char>' has a user-declared move constructor
 1110 |   _LIBCPP_HIDE_FROM_ABI basic_ifstream(basic_ifstream&& __rhs);
      |                         ^
/Users/macstoreeg/Desktop/study/Projects/QuantumBookStore/Books/ebook.h:22:34: note: passing argument to parameter 'in' here
   22 |     static void getline(ifstream in, const string & title);
      |                                  ^
2 errors generated.
[3/5] Building CXX object CMakeFiles/QuantumBookStore.dir/Books/demobook.cpp.o
FAILED: CMakeFiles/QuantumBookStore.dir/Books/demobook.cpp.o 
/Library/Developer/CommandLineTools/usr/bin/c++   -g -arch arm64 -isysroot /Library/Developer/CommandLineTools/SDKs/MacOSX15.5.sdk -fcolor-diagnostics -MD -MT CMakeFiles/QuantumBookStore.dir/Books/demobook.cpp.o -MF CMakeFiles/QuantumBookStore.dir/Books/demobook.cpp.o.d -o CMakeFiles/QuantumBookStore.dir/Books/demobook.cpp.o -c /Users/macstoreeg/Desktop/study/Projects/QuantumBookStore/Books/demobook.cpp
/Users/macstoreeg/Desktop/study/Projects/QuantumBookStore/Books/demobook.cpp:41:13: error: call to implicitly-deleted copy constructor of 'ifstream' (aka 'basic_ifstream<char>')
   41 |     getline(in, title);
      |             ^~
/Library/Developer/CommandLineTools/SDKs/MacOSX15.5.sdk/usr/include/c++/v1/fstream:1110:25: note: copy constructor is implicitly deleted because 'basic_ifstream<char>' has a user-declared move constructor
 1110 |   _LIBCPP_HIDE_FROM_ABI basic_ifstream(basic_ifstream&& __rhs);
      |                         ^
/Users/macstoreeg/Desktop/study/Projects/QuantumBookStore/Books/demobook.h:23:34: note: passing argument to parameter 'in' here
   23 |     static void getline(ifstream in, const string & title);
      |                                  ^
/Users/macstoreeg/Desktop/study/Projects/QuantumBookStore/Books/demobook.cpp:44:13: error: call to implicitly-deleted copy constructor of 'ifstream' (aka 'basic_ifstream<char>')
   44 |     getline(in, isbn);
      |             ^~
/Library/Developer/CommandLineTools/SDKs/MacOSX15.5.sdk/usr/include/c++/v1/fstream:1110:25: note: copy constructor is implicitly deleted because 'basic_ifstream<char>' has a user-declared move constructor
 1110 |   _LIBCPP_HIDE_FROM_ABI basic_ifstream(basic_ifstream&& __rhs);
      |                         ^
/Users/macstoreeg/Desktop/study/Projects/QuantumBookStore/Books/demobook.h:23:34: note: passing argument to parameter 'in' here
   23 |     static void getline(ifstream in, const string & title);
      |                                  ^
2 errors generated.
[4/5] Building CXX object CMakeFiles/QuantumBookStore.dir/Customer/CustomerSession.cpp.o
FAILED: CMakeFiles/QuantumBookStore.dir/Customer/CustomerSession.cpp.o 
/Library/Developer/CommandLineTools/usr/bin/c++   -g -arch arm64 -isysroot /Library/Developer/CommandLineTools/SDKs/MacOSX15.5.sdk -fcolor-diagnostics -MD -MT CMakeFiles/QuantumBookStore.dir/Customer/CustomerSession.cpp.o -MF CMakeFiles/QuantumBookStore.dir/Customer/CustomerSession.cpp.o.d -o CMakeFiles/QuantumBookStore.dir/Customer/CustomerSession.cpp.o -c /Users/macstoreeg/Desktop/study/Projects/QuantumBookStore/Customer/CustomerSession.cpp
In file included from /Users/macstoreeg/Desktop/study/Projects/QuantumBookStore/Customer/CustomerSession.cpp:1:
In file included from /Users/macstoreeg/Desktop/study/Projects/QuantumBookStore/Customer/CustomerSession.h:13:
In file included from /Users/macstoreeg/Desktop/study/Projects/QuantumBookStore/Customer/../Services/shippingservice.h:10:
/Users/macstoreeg/Desktop/study/Projects/QuantumBookStore/Customer/../Services/../Books/PaperBook.h:22:10: warning: 'saveToFile' overrides a member function but is not marked 'override' [-Winconsistent-missing-override]
   22 |     void saveToFile(std::ofstream &out) const;
      |          ^
/Users/macstoreeg/Desktop/study/Projects/QuantumBookStore/Customer/../Cart/../Books/book.h:36:18: note: overridden virtual function is here
   36 |     virtual void saveToFile(std::ofstream& out) const = 0;
      |                  ^
/Users/macstoreeg/Desktop/study/Projects/QuantumBookStore/Customer/CustomerSession.cpp:106:32: error: no member named 'bookPtr' in 'cartitem'
  106 |             book* b = items[i].bookPtr;
      |                       ~~~~~~~~ ^
/Users/macstoreeg/Desktop/study/Projects/QuantumBookStore/Customer/CustomerSession.cpp:107:31: error: 'quantity' is a private member of 'cartitem'
  107 |             total += items[i].quantity * b->getPrice();
      |                               ^
/Users/macstoreeg/Desktop/study/Projects/QuantumBookStore/Customer/../Cart/cartitem.h:13:9: note: declared private here
   13 |     int quantity;
      |         ^
/Users/macstoreeg/Desktop/study/Projects/QuantumBookStore/Customer/CustomerSession.cpp:110:30: error: 'quantity' is a private member of 'cartitem'
  110 |                 if (items[i].quantity > pb->getStock()) {
      |                              ^
/Users/macstoreeg/Desktop/study/Projects/QuantumBookStore/Customer/../Cart/cartitem.h:13:9: note: declared private here
   13 |     int quantity;
      |         ^
/Users/macstoreeg/Desktop/study/Projects/QuantumBookStore/Customer/CustomerSession.cpp:114:44: error: 'quantity' is a private member of 'cartitem'
  114 |                 pb->decreaseStock(items[i].quantity);
      |                                            ^
/Users/macstoreeg/Desktop/study/Projects/QuantumBookStore/Customer/../Cart/cartitem.h:13:9: note: declared private here
   13 |     int quantity;
      |         ^
/Users/macstoreeg/Desktop/study/Projects/QuantumBookStore/Customer/CustomerSession.cpp:134:35: error: no viable conversion from 'vector<book *>' to 'const vector<const PaperBook *>'
  134 |             shippingservice::ship(shippedBooks, address);
      |                                   ^~~~~~~~~~~~
/Library/Developer/CommandLineTools/SDKs/MacOSX15.5.sdk/usr/include/c++/v1/vector:543:55: note: candidate constructor not viable: no known conversion from 'std::vector<book *>' to 'const vector<const PaperBook *> &' for 1st argument
  543 |   _LIBCPP_CONSTEXPR_SINCE_CXX20 _LIBCPP_HIDE_FROM_ABI vector(const vector& __x);
      |                                                       ^      ~~~~~~~~~~~~~~~~~
/Library/Developer/CommandLineTools/SDKs/MacOSX15.5.sdk/usr/include/c++/v1/vector:549:55: note: candidate constructor not viable: no known conversion from 'std::vector<book *>' to 'initializer_list<value_type>' (aka 'initializer_list<const PaperBook *>') for 1st argument
  549 |   _LIBCPP_CONSTEXPR_SINCE_CXX20 _LIBCPP_HIDE_FROM_ABI vector(initializer_list<value_type> __il);
      |                                                       ^      ~~~~~~~~~~~~~~~~~~~~~~~~~~~~~~~~~
/Library/Developer/CommandLineTools/SDKs/MacOSX15.5.sdk/usr/include/c++/v1/vector:560:55: note: candidate constructor not viable: no known conversion from 'std::vector<book *>' to 'vector<const PaperBook *> &&' for 1st argument
  560 |   _LIBCPP_CONSTEXPR_SINCE_CXX20 _LIBCPP_HIDE_FROM_ABI vector(vector&& __x)
      |                                                       ^      ~~~~~~~~~~~~
/Library/Developer/CommandLineTools/SDKs/MacOSX15.5.sdk/usr/include/c++/v1/vector:432:64: note: explicit constructor is not a candidate
  432 |   _LIBCPP_CONSTEXPR_SINCE_CXX20 _LIBCPP_HIDE_FROM_ABI explicit vector(const allocator_type& __a)
      |                                                                ^
/Library/Developer/CommandLineTools/SDKs/MacOSX15.5.sdk/usr/include/c++/v1/vector:441:64: note: explicit constructor is not a candidate
  441 |   _LIBCPP_CONSTEXPR_SINCE_CXX20 _LIBCPP_HIDE_FROM_ABI explicit vector(size_type __n) {
      |                                                                ^
/Users/macstoreeg/Desktop/study/Projects/QuantumBookStore/Customer/../Services/shippingservice.h:19:54: note: passing argument to parameter 'books' here
   19 |     static void ship(const vector<const PaperBook*>& books, const string& address);
      |                                                      ^
/Users/macstoreeg/Desktop/study/Projects/QuantumBookStore/Customer/CustomerSession.cpp:139:32: error: no viable conversion from 'vector<book *>' to 'const vector<const EBook *>'
  139 |             emailservice::send(emailBooks, email);
      |                                ^~~~~~~~~~
/Library/Developer/CommandLineTools/SDKs/MacOSX15.5.sdk/usr/include/c++/v1/vector:543:55: note: candidate constructor not viable: no known conversion from 'std::vector<book *>' to 'const vector<const EBook *> &' for 1st argument
  543 |   _LIBCPP_CONSTEXPR_SINCE_CXX20 _LIBCPP_HIDE_FROM_ABI vector(const vector& __x);
      |                                                       ^      ~~~~~~~~~~~~~~~~~
/Library/Developer/CommandLineTools/SDKs/MacOSX15.5.sdk/usr/include/c++/v1/vector:549:55: note: candidate constructor not viable: no known conversion from 'std::vector<book *>' to 'initializer_list<value_type>' (aka 'initializer_list<const EBook *>') for 1st argument
  549 |   _LIBCPP_CONSTEXPR_SINCE_CXX20 _LIBCPP_HIDE_FROM_ABI vector(initializer_list<value_type> __il);
      |                                                       ^      ~~~~~~~~~~~~~~~~~~~~~~~~~~~~~~~~~
/Library/Developer/CommandLineTools/SDKs/MacOSX15.5.sdk/usr/include/c++/v1/vector:560:55: note: candidate constructor not viable: no known conversion from 'std::vector<book *>' to 'vector<const EBook *> &&' for 1st argument
  560 |   _LIBCPP_CONSTEXPR_SINCE_CXX20 _LIBCPP_HIDE_FROM_ABI vector(vector&& __x)
      |                                                       ^      ~~~~~~~~~~~~
/Library/Developer/CommandLineTools/SDKs/MacOSX15.5.sdk/usr/include/c++/v1/vector:432:64: note: explicit constructor is not a candidate
  432 |   _LIBCPP_CONSTEXPR_SINCE_CXX20 _LIBCPP_HIDE_FROM_ABI explicit vector(const allocator_type& __a)
      |                                                                ^
/Library/Developer/CommandLineTools/SDKs/MacOSX15.5.sdk/usr/include/c++/v1/vector:441:64: note: explicit constructor is not a candidate
  441 |   _LIBCPP_CONSTEXPR_SINCE_CXX20 _LIBCPP_HIDE_FROM_ABI explicit vector(size_type __n) {
      |                                                                ^
/Users/macstoreeg/Desktop/study/Projects/QuantumBookStore/Customer/../Services/emailservice.h:19:50: note: passing argument to parameter 'books' here
   19 |     static void send(const vector<const EBook*>& books, const string& email);
      |                                                  ^
In file included from /Users/macstoreeg/Desktop/study/Projects/QuantumBookStore/Customer/CustomerSession.cpp:1:
In file included from /Users/macstoreeg/Desktop/study/Projects/QuantumBookStore/Customer/CustomerSession.h:8:
In file included from /Users/macstoreeg/Desktop/study/Projects/QuantumBookStore/Customer/../Customer/Customer.h:8:
In file included from /Library/Developer/CommandLineTools/SDKs/MacOSX15.5.sdk/usr/include/c++/v1/string:608:
/Library/Developer/CommandLineTools/SDKs/MacOSX15.5.sdk/usr/include/c++/v1/__memory/allocator.h:165:24: error: no matching constructor for initialization of 'Customer'
  165 |     ::new ((void*)__p) _Up(std::forward<_Args>(__args)...);
      |                        ^   ~~~~~~~~~~~~~~~~~~~~~~~~~~~
/Library/Developer/CommandLineTools/SDKs/MacOSX15.5.sdk/usr/include/c++/v1/__memory/allocator_traits.h:319:9: note: in instantiation of function template specialization 'std::allocator<Customer>::construct<Customer, std::string &, double &>' requested here
  319 |     __a.construct(__p, std::forward<_Args>(__args)...);
      |         ^
/Library/Developer/CommandLineTools/SDKs/MacOSX15.5.sdk/usr/include/c++/v1/vector:961:21: note: in instantiation of function template specialization 'std::allocator_traits<std::allocator<Customer>>::construct<Customer, std::string &, double &, 0>' requested here
  961 |     __alloc_traits::construct(this->__alloc(), std::__to_address(__tx.__pos_), std::forward<_Args>(__args)...);
      |                     ^
/Library/Developer/CommandLineTools/SDKs/MacOSX15.5.sdk/usr/include/c++/v1/vector:1555:5: note: in instantiation of function template specialization 'std::vector<Customer>::__construct_one_at_end<std::string &, double &>' requested here
 1555 |     __construct_one_at_end(std::forward<_Args>(__args)...);
      |     ^
/Users/macstoreeg/Desktop/study/Projects/QuantumBookStore/Customer/CustomerSession.cpp:21:23: note: in instantiation of function template specialization 'std::vector<Customer>::emplace_back<std::string &, double &>' requested here
   21 |             customers.emplace_back(username, balance);
      |                       ^
/Users/macstoreeg/Desktop/study/Projects/QuantumBookStore/Customer/../Customer/Customer.h:10:7: note: candidate constructor (the implicit copy constructor) not viable: requires 1 argument, but 2 were provided
   10 | class Customer {
      |       ^~~~~~~~
/Users/macstoreeg/Desktop/study/Projects/QuantumBookStore/Customer/../Customer/Customer.h:10:7: note: candidate constructor (the implicit move constructor) not viable: requires 1 argument, but 2 were provided
   10 | class Customer {
      |       ^~~~~~~~
/Users/macstoreeg/Desktop/study/Projects/QuantumBookStore/Customer/../Customer/Customer.h:18:5: note: candidate constructor not viable: requires 0 arguments, but 2 were provided
   18 |     Customer() = default;
      |     ^
/Users/macstoreeg/Desktop/study/Projects/QuantumBookStore/Customer/../Customer/Customer.h:19:5: note: candidate constructor not viable: requires 4 arguments, but 2 were provided
   19 |     Customer(const std::string& username, const std::string& email, const std::string& address, double balance);
      |     ^        ~~~~~~~~~~~~~~~~~~~~~~~~~~~~~~~~~~~~~~~~~~~~~~~~~~~~~~~~~~~~~~~~~~~~~~~~~~~~~~~~~~~~~~~~~~~~~~~~~
In file included from /Users/macstoreeg/Desktop/study/Projects/QuantumBookStore/Customer/CustomerSession.cpp:1:
In file included from /Users/macstoreeg/Desktop/study/Projects/QuantumBookStore/Customer/CustomerSession.h:8:
In file included from /Users/macstoreeg/Desktop/study/Projects/QuantumBookStore/Customer/../Customer/Customer.h:8:
In file included from /Library/Developer/CommandLineTools/SDKs/MacOSX15.5.sdk/usr/include/c++/v1/string:608:
/Library/Developer/CommandLineTools/SDKs/MacOSX15.5.sdk/usr/include/c++/v1/__memory/allocator.h:165:24: error: no matching constructor for initialization of 'Customer'
  165 |     ::new ((void*)__p) _Up(std::forward<_Args>(__args)...);
      |                        ^   ~~~~~~~~~~~~~~~~~~~~~~~~~~~
/Library/Developer/CommandLineTools/SDKs/MacOSX15.5.sdk/usr/include/c++/v1/__memory/allocator_traits.h:319:9: note: in instantiation of function template specialization 'std::allocator<Customer>::construct<Customer, std::string &, std::string &, double &>' requested here
  319 |     __a.construct(__p, std::forward<_Args>(__args)...);
      |         ^
/Library/Developer/CommandLineTools/SDKs/MacOSX15.5.sdk/usr/include/c++/v1/vector:961:21: note: in instantiation of function template specialization 'std::allocator_traits<std::allocator<Customer>>::construct<Customer, std::string &, std::string &, double &, 0>' requested here
  961 |     __alloc_traits::construct(this->__alloc(), std::__to_address(__tx.__pos_), std::forward<_Args>(__args)...);
      |                     ^
/Library/Developer/CommandLineTools/SDKs/MacOSX15.5.sdk/usr/include/c++/v1/vector:1555:5: note: in instantiation of function template specialization 'std::vector<Customer>::__construct_one_at_end<std::string &, std::string &, double &>' requested here
 1555 |     __construct_one_at_end(std::forward<_Args>(__args)...);
      |     ^
/Users/macstoreeg/Desktop/study/Projects/QuantumBookStore/Customer/CustomerSession.cpp:58:19: note: in instantiation of function template specialization 'std::vector<Customer>::emplace_back<std::string &, std::string &, double &>' requested here
   58 |         customers.emplace_back(username, email, balance);
      |                   ^
/Users/macstoreeg/Desktop/study/Projects/QuantumBookStore/Customer/../Customer/Customer.h:19:5: note: candidate constructor not viable: requires 4 arguments, but 3 were provided
   19 |     Customer(const std::string& username, const std::string& email, const std::string& address, double balance);
      |     ^        ~~~~~~~~~~~~~~~~~~~~~~~~~~~~~~~~~~~~~~~~~~~~~~~~~~~~~~~~~~~~~~~~~~~~~~~~~~~~~~~~~~~~~~~~~~~~~~~~~
/Users/macstoreeg/Desktop/study/Projects/QuantumBookStore/Customer/../Customer/Customer.h:10:7: note: candidate constructor (the implicit copy constructor) not viable: requires 1 argument, but 3 were provided
   10 | class Customer {
      |       ^~~~~~~~
/Users/macstoreeg/Desktop/study/Projects/QuantumBookStore/Customer/../Customer/Customer.h:10:7: note: candidate constructor (the implicit move constructor) not viable: requires 1 argument, but 3 were provided
   10 | class Customer {
      |       ^~~~~~~~
/Users/macstoreeg/Desktop/study/Projects/QuantumBookStore/Customer/../Customer/Customer.h:18:5: note: candidate constructor not viable: requires 0 arguments, but 3 were provided
   18 |     Customer() = default;
      |     ^
1 warning and 8 errors generated.
ninja: build stopped: subcommand failed.
